any 1
austin 1
between 1
cascaiscsutexasedu 1
color 1
convert 1
dept 1
encapsulated 3
eps 2
file 1
from 1
how 1
image 1
joseph 2
keyword 1
let 1
line 1
need 1
nntp-posting-host 1
organization 1
plain 1
postscript 4
screen 1
sirosh 2
sirosh@csutexasedu 1
subject 1
texa 1
there 1
university 1
utility 1
view 2
will 1

