------ 6
-cts 1
-rts 1
134 1
about 3
accepted 1
actually 2
addition 1
additional 1
address 1
addressed 1
again 1
agree 1
all 5
also 3
alternative 1
announce 3
answser 1
any 4
anything 1
area 1
around 1
ask 1
asking 1
assert 1
asserted 1
asserting 1
assumed 1
attempting 1
bad 1
because 5
before 2
bet 2
better 1
between 3
beyond 1
binary 1
bios 3
both 1
bridge 1
brooklyn 1
built-in 1
buying 1
cable 10
cabling 3
carrier 1
carry 1
cas 1
cause 1
certain 1
check 1
clear 2
clincher 1
code 2
comm 3
command 1
common 4
commumication 1
communicating 1
communication 6
company 1
completeness 1
computer 2
concept 1
confusion 1
connect 2
connected 2
connection 3
connector 2
conrol 1
contrast 1
control 12
controlled 1
cornerstone 1
couldn't 1
count 1
couple 1
course 2
cross 1
crossed 2
cts 11
cts- 1
data 14
db-25 2
db-9 2
dcd 9
dce 19
dedicated 1
defeat 1
defined 1
definition 1
detail 1
detect 1
dictate 2
different 1
differnt 1
direction 2
directly 1
doe 4
don't 5
done 2
dsr 9
dte 16
dtr 11
dtrdsr 5
each 3
end 6
eplain 1
equipment 2
erroneous 1
escape 1
establish 1
established 1
etc 1
even 2
example 1
expect 3
explained 1
extract 1
extrodinarily 1
fair 1
fairly 1
familiar 1
favorite 1
feel 1
find 3
first 1
five 1
flow 11
follow 2
following 1
ford 1
forget 1
four 1
from 4
game 1
general 1
get 1
give 1
gladly 1
glang@slee01srlfordcom 1
good 1
gordon 2
got 1
gotcha 1
ground 1
guess 1
hand 1
hard- 1
hardware 3
has 5
help 1
here 1
hope 1
how 3
i'm 2
ibm 1
idea 4
implemented 1
include 2
including 1
indicator 1
info 1
ing 1
input 5
insert 1
instead 1
instruction 1
intending 1
interest 2
interrested 1
isn't 1
issue 1
just 6
ke_kimmell@vaxcnsmuskingumedu 2
kevin 2
kimmell 1
know 1
knowing 1
knowledge 1
laboratory 1
lang 2
lap- 1
lap-link 2
last 1
level 1
like 2
line 4
link 1
local 1
long 2
look 1
lot 1
make 1
making 1
many 1
may 2
mean 5
method 1
middle 1
might 2
modem 10
more 3
most 1
motor 1
must 5
myself 1
name 1
need 3
nine 1
nntp-posting-host 1
non-binary 1
not 7
note 1
now 2
null 7
null- 1
obsolete 1
one 13
only 2
organization 1
other 8
out 2
output 6
over-run 1
package 7
pair 2
participate 2
particular 1
pass 2
pc-to-pc 1
perhap 1
permission 3
pin 3
pinout 2
pl5 1
please 1
point 1
port 2
possible 2
powered 1
prefered 1
present 1
primary 1
problem 4
properly 1
protocol 1
provide 1
providing 1
purpose 1
question 1
quite 1
rather 1
ready 6
really 1
reason 1
recieve 3
recommendation 1
reliably 1
remote 1
request 4
requesting 1
required 1
requirement 2
research 1
responsible 1
right 1
ring 1
rs-232 7
rts 8
rts- 1
rtscts 2
rtsdcd 1
run 1
same 2
saying 1
scenerio 2
sciencegerman 1
see 1
send 11
serial 1
set 2
setup 1
short 1
shorted 2
shorting 2
should 1
signal 21
similarly 1
simple 1
simply 1
since 1
slee01srlfordcom 1
soft- 1
software 9
solder 1
solution 1
some 2
someone 1
sometime 1
specific 2
specifically 1
specification 2
specify 1
spell 1
standard 3
statement 1
still 1
stuff 1
subject 1
such 1
suggest 1
support- 1
system 1
talking 2
tdrd 1
technique 1
telephone 1
telix 3
terminal 2
terminology 1
them 1
there 10
therefore 2
these 3
they 4
thing 2
this 11
those 1
through 4
tin 1
transfer 1
transmit 1
tried 1
tutorial 1
two 1
type 2
uart 1
undergrad 1
understanding 1
use 7
used 5
using 1
usually 1
via 4
vintage 1
voltage 1
wait 1
want 2
ware 2
way 4
well 1
what 6
whole 1
will 6
wire 4
wired 1
without 1
work 5
wrote 2
x-newsreader 1
xoff 3
xon 3
you 19
you'll 1
your 4

