1993 1
<1993apr1412581321737@ncsuedu> 1
_sons_ 1
apparently 1
april 1
article 1
ask 1
attention 1
austin 1
bankruptcy 1
bit 1
brad 4
brave 1
center 1
cheer 1
civilian 1
community 2
congratulation 1
daughter 1
disregard 1
dozen 1
drawing 1
encouraged 1
every 2
fell 1
fire 1
fired 1
forgot 1
from 2
galilee 2
good 1
government 1
grave 2
ha'aretz 1
hernlem 1
hernlem@chessncsuedu 1
hizbollah 3
hizbullah 1
holding 1
ifaz706@utxvmsccutexasedu 1
injured 1
israel 4
israeli 3
job 1
justify 1
katyusha 1
lebanese 1
life 1
line 3
men 1
moral 1
nntp-posting-host 1
noam 2
northern 1
not 1
occupation 1
one 1
only 1
organization 2
paraphrasing 1
place 2
policy 1
purpleccutexasedu 1
reckless 1
report 1
resistance 1
rocket 3
security 1
several 1
someone 1
son 1
subject 1
tell 1
terrorist 1
texa 1
their 1
them 2
they 1
though 1
three 1
thursday 1
today 1
tractinsky 1
underlining 1
university 1
was 1
women 1
wrote 1
yesterday 1
you 2
zone 1

