0-201-50803-6 1
1992 1
<1993apr2809063515878@waikatoacnz> 1
>can 1
>cross 1
_digital 1
above 1
addison-wesley 1
ago 1
algorithm 1
all 1
amiga 1
anybody 1
article 1
book 1
computer 1
cross 2
department 1
detecting 1
detection 2
dificult 1
digital 1
direct 1
doe 1
edge 3
filter 5
filtering 1
from 2
general 1
gonzalez 1
good 2
grad 1
heard 1
highpass 1
i've 1
image 3
imaging 1
isbn 1
job 1
line 1
loading 1
many 1
mask 1
nevada 1
never 1
not 1
organization 1
other 1
part 1
pdenize@waikatoacnz 1
prewitt 1
processing 1
processing_ 1
program 1
project 1
publishing 1
rafael 1
reference 1
reno 1
richard 1
rigby 2
rigby@csunredu 1
rigby@echounredu 1
robert 3
saw 1
science 1
sobel 3
some 1
sort 1
source 1
spatial 1
standard 1
subject 1
these 1
thing 1
this 1
tiffgififf-ilbmwhatever 1
time 1
too 2
university 1
used 1
wayne 2
wood 1
worst 1
write 1

